// Jest Snapshot v1, https://goo.gl/fbAQLP

exports[`App component, snapshot 1`] = `
<div>
  <styled.div>
    <Fretboard
      clickAction={[Function]}
      nrOfFrets={12}
      selectedNotes={
        Array [
          "C4",
        ]
      }
      showNotes={true}
      showOctaves={true}
      showPositionLabels={true}
      showSelection={false}
      skinType="boxes"
      tuning={
        Array [
          "E2",
          "A2",
          "D3",
          "G3",
          "B3",
          "E4",
        ]
      }
    />
  </styled.div>
  <styled.div>
    <Fretboard
      clickAction={[Function]}
      nrOfFrets={12}
      selectedNotes={
        Array [
          "C4",
        ]
      }
      showNotes={true}
      showOctaves={false}
      showPositionLabels={true}
      showSelection={false}
      skinType="strings"
      tuning={
        Array [
          "E2",
          "A2",
          "D3",
          "G3",
          "B3",
          "E4",
        ]
      }
    />
  </styled.div>
  <styled.div>
    <Fretboard
      clickAction={[Function]}
      nrOfFrets={12}
      selectedNotes={
        Array [
          "C",
        ]
      }
      showNotes={false}
      showOctaves={false}
      showPositionLabels={true}
      showSelection={false}
      skinType="boxes"
      tuning={
        Array [
          "E2",
          "A2",
          "D3",
          "G3",
          "B3",
          "E4",
        ]
      }
    />
  </styled.div>
  <styled.div>
    <Fretboard
      clickAction={[Function]}
      nrOfFrets={12}
      selectedNotes={
        Array [
          "C",
        ]
      }
      showNotes={false}
      showOctaves={true}
      showPositionLabels={true}
      showSelection={false}
      skinType="strings"
      tuning={
        Array [
          "E2",
          "A2",
          "D3",
          "G3",
          "B3",
          "E4",
        ]
      }
    />
  </styled.div>
  <styled.div>
    <Fretboard
      clickAction={[Function]}
      nrOfFrets={12}
      selectedNotes={
        Array [
          "C4",
          "F4",
        ]
      }
      showNotes={true}
      showOctaves={false}
      showPositionLabels={true}
      showSelection={false}
      skinType="boxes"
      tuning={
        Array [
          "E2",
          "A2",
          "D3",
          "G3",
          "B3",
          "E4",
        ]
      }
    />
  </styled.div>
  <styled.div>
    <Fretboard
      clickAction={[Function]}
      nrOfFrets={12}
      selectedNotes={
        Array [
          "C4",
          "F4",
        ]
      }
      showNotes={true}
      showOctaves={false}
      showPositionLabels={true}
      showSelection={false}
      skinType="strings"
      tuning={
        Array [
          "E2",
          "A2",
          "D3",
          "G3",
          "B3",
          "E4",
        ]
      }
    />
  </styled.div>
  <styled.div>
    <Fretboard
      clickAction={[Function]}
      nrOfFrets={12}
      selectedNotes={
        Array [
          "C",
          "F",
        ]
      }
      showNotes={false}
      showOctaves={false}
      showPositionLabels={true}
      showSelection={false}
      skinType="boxes"
      tuning={
        Array [
          "E2",
          "A2",
          "D3",
          "G3",
          "B3",
          "E4",
        ]
      }
    />
  </styled.div>
  <styled.div>
    <Fretboard
      clickAction={[Function]}
      nrOfFrets={12}
      selectedNotes={
        Array [
          "C",
          "F",
        ]
      }
      showNotes={false}
      showOctaves={false}
      showPositionLabels={true}
      showSelection={false}
      skinType="strings"
      tuning={
        Array [
          "E2",
          "A2",
          "D3",
          "G3",
          "B3",
          "E4",
        ]
      }
    />
  </styled.div>
</div>
`;
