// Jest Snapshot v1, https://goo.gl/fbAQLP

exports[`App component, snapshot 1`] = `
<div>
  <styled.div>
    <Fretboard
      nrOfFrets={12}
      showNotes={true}
      tuning={
        Array [
          "E2",
          "A2",
          "D3",
          "G3",
          "B3",
          "E4",
        ]
      }
      type="boxes"
    />
  </styled.div>
  <styled.div>
    <Fretboard
      nrOfFrets={12}
      showNotes={true}
      tuning={
        Array [
          "E2",
          "A2",
          "D3",
          "G3",
          "B3",
          "E4",
        ]
      }
      type="strings"
    />
  </styled.div>
  <styled.div>
    <Fretboard
      nrOfFrets={12}
      showNotes={false}
      tuning={
        Array [
          "E2",
          "A2",
          "D3",
          "G3",
          "B3",
          "E4",
        ]
      }
      type="boxes"
    />
  </styled.div>
  <styled.div>
    <Fretboard
      nrOfFrets={12}
      showNotes={false}
      tuning={
        Array [
          "E2",
          "A2",
          "D3",
          "G3",
          "B3",
          "E4",
        ]
      }
      type="strings"
    />
  </styled.div>
</div>
`;
