// Jest Snapshot v1, https://goo.gl/fbAQLP

exports[`Wrapper, snapshot 1`] = `
.c0 {
  display: -webkit-box;
  display: -webkit-flex;
  display: -ms-flexbox;
  display: flex;
  -webkit-box-pack: center;
  -webkit-justify-content: center;
  -ms-flex-pack: center;
  justify-content: center;
  margin: 20px 10px;
  -webkit-flex-basis: 15%;
  -ms-flex-preferred-size: 15%;
  flex-basis: 15%;
}

<div
  className="c0"
/>
`;
