// Jest Snapshot v1, https://goo.gl/fbAQLP

exports[`should check fretboard-theme against snapshot 1`] = `
Object {
  "background": "white",
  "dimensions": Object {
    "nutWidth": 1,
    "openWidth": 10,
    "stringHeight": 30,
  },
  "highlight": Object {
    "oct2": "blue",
    "oct3": "dodgerblue",
    "oct4": "lightblue",
    "oct5": "lightgray",
    "selected": "orange",
  },
}
`;
