// Jest Snapshot v1, https://goo.gl/fbAQLP

exports[`should check fretboard-theme against snapshot 1`] = `
Object {
  "background": "transparent",
  "highlight": Object {
    "oct2": "darkblue",
    "oct3": "blue",
    "oct4": "lightblue",
    "oct5": "lightgray",
    "selected": "orange",
  },
  "stringHeight": 40,
}
`;
