// Jest Snapshot v1, https://goo.gl/fbAQLP

exports[`QuizEditorData loading and error state shows error element 1`] = `null`;

exports[`QuizEditorData loading and error state shows loading element 1`] = `null`;

exports[`QuizEditorData with default state gives the child component initial loaded props 1`] = `
Object {
  "createQuiz": [Function],
  "deleteQuiz": [Function],
  "editedQuiz": undefined,
  "isNew": false,
  "onDeselectQuiz": [Function],
  "onSelectNewQuiz": [Function],
  "onSelectQuiz": [Function],
  "onUpdateEditedQuiz": [Function],
  "quizzes": Array [
    Object {
      "id": "1",
      "name": "quiz one",
      "type": "pc",
      Symbol(id): "Quiz:1",
    },
    Object {
      "id": "2",
      "name": "quiz two",
      "type": "pc",
      Symbol(id): "Quiz:2",
    },
    Object {
      "id": "3",
      "name": "quiz three",
      "type": "pc",
      Symbol(id): "Quiz:3",
    },
    Object {
      "id": "4",
      "name": "quiz four",
      "type": "pc",
      Symbol(id): "Quiz:4",
    },
    Object {
      "id": "5",
      "name": "quiz five",
      "type": "pc",
      Symbol(id): "Quiz:5",
    },
    Object {
      "id": "6",
      "name": "quiz six",
      "type": "pc",
      Symbol(id): "Quiz:6",
    },
  ],
  "selectedQuiz": undefined,
  "selectedQuizId": "no_selection",
  "updateQuiz": [Function],
}
`;
